
> belgmap@0.1.0 test
> jest src/features/interventions/components/__tests__/AdminValidationPanel.test.tsx

  console.log
    DEBUG: firestore exists? false

      at log (src/features/interventions/components/AdminValidationPanel.tsx:22:11)

  console.log
    DEBUG: activeCompanyId? test-company-123

      at log (src/features/interventions/components/AdminValidationPanel.tsx:23:11)

  console.log
    DEBUG: firestore or activeCompanyId missing, returning

      at log (src/features/interventions/components/AdminValidationPanel.tsx:27:15)

  console.log
    DEBUG: firestore exists? false

      at log (src/features/interventions/components/AdminValidationPanel.tsx:22:11)

  console.log
    DEBUG: activeCompanyId?

      at log (src/features/interventions/components/AdminValidationPanel.tsx:23:11)

  console.log
    DEBUG: firestore or activeCompanyId missing, returning

      at log (src/features/interventions/components/AdminValidationPanel.tsx:27:15)

  console.log
    DEBUG: firestore exists? false

      at log (src/features/interventions/components/AdminValidationPanel.tsx:22:11)

  console.log
    DEBUG: activeCompanyId?

      at log (src/features/interventions/components/AdminValidationPanel.tsx:23:11)

  console.log
    DEBUG: firestore exists? false

      at log (src/features/interventions/components/AdminValidationPanel.tsx:22:11)

  console.log
    DEBUG: activeCompanyId? test-company-123

      at log (src/features/interventions/components/AdminValidationPanel.tsx:23:11)

  console.log
    DEBUG: firestore or activeCompanyId missing, returning

      at log (src/features/interventions/components/AdminValidationPanel.tsx:27:15)

  console.log
    DEBUG: firestore exists? false

      at log (src/features/interventions/components/AdminValidationPanel.tsx:22:11)

  console.log
    DEBUG: activeCompanyId?

      at log (src/features/interventions/components/AdminValidationPanel.tsx:23:11)

  console.log
    DEBUG: firestore or activeCompanyId missing, returning

      at log (src/features/interventions/components/AdminValidationPanel.tsx:27:15)

  console.log
    DEBUG: firestore exists? false

      at log (src/features/interventions/components/AdminValidationPanel.tsx:22:11)

  console.log
    DEBUG: activeCompanyId?

      at log (src/features/interventions/components/AdminValidationPanel.tsx:23:11)

  console.log
    DEBUG: firestore exists? false

      at log (src/features/interventions/components/AdminValidationPanel.tsx:22:11)

  console.log
    DEBUG: activeCompanyId? test-company-123

      at log (src/features/interventions/components/AdminValidationPanel.tsx:23:11)

  console.log
    DEBUG: firestore or activeCompanyId missing, returning

      at log (src/features/interventions/components/AdminValidationPanel.tsx:27:15)

  console.log
    DEBUG: firestore exists? false

      at log (src/features/interventions/components/AdminValidationPanel.tsx:22:11)

  console.log
    DEBUG: activeCompanyId?

      at log (src/features/interventions/components/AdminValidationPanel.tsx:23:11)

  console.log
    DEBUG: firestore or activeCompanyId missing, returning

      at log (src/features/interventions/components/AdminValidationPanel.tsx:27:15)

  console.log
    DEBUG: firestore exists? false

      at log (src/features/interventions/components/AdminValidationPanel.tsx:22:11)

  console.log
    DEBUG: activeCompanyId?

      at log (src/features/interventions/components/AdminValidationPanel.tsx:23:11)

  console.log
    DEBUG: firestore exists? false

      at log (src/features/interventions/components/AdminValidationPanel.tsx:22:11)

  console.log
    DEBUG: activeCompanyId? test-company-123

      at log (src/features/interventions/components/AdminValidationPanel.tsx:23:11)

  console.log
    DEBUG: firestore or activeCompanyId missing, returning

      at log (src/features/interventions/components/AdminValidationPanel.tsx:27:15)

  console.log
    DEBUG: firestore exists? false

      at log (src/features/interventions/components/AdminValidationPanel.tsx:22:11)

  console.log
    DEBUG: activeCompanyId?

      at log (src/features/interventions/components/AdminValidationPanel.tsx:23:11)

  console.log
    DEBUG: firestore or activeCompanyId missing, returning

      at log (src/features/interventions/components/AdminValidationPanel.tsx:27:15)

  console.log
    DEBUG: firestore exists? false

      at log (src/features/interventions/components/AdminValidationPanel.tsx:22:11)

  console.log
    DEBUG: activeCompanyId?

      at log (src/features/interventions/components/AdminValidationPanel.tsx:23:11)

FAIL src/features/interventions/components/__tests__/AdminValidationPanel.test.tsx
  AdminValidationPanel
    ✕ renders loading state then the list of interventions (1085 ms)
    ✕ expands an intervention when clicked (1019 ms)
    ✕ calls updateDoc when 'Marquer comme vérifié' is clicked (1023 ms)
    ✓ shows empty state when no interventions (21 ms)

  ● AdminValidationPanel › renders loading state then the list of interventions

    Unable to find an element with the text: John Doe. This could be because the text is broken up by multiple elements. In this case, you can provide a function for your text matcher to make your matcher more flexible.

    Ignored nodes: comments, script, style
    [36m<body>[39m
      [36m<div>[39m
        [36m<div[39m
          [33mclass[39m=[32m"flex h-full min-h-0 flex-1 flex-col overflow-hidden bg-white/60 backdrop-blur-2xl shadow-[0_8px_32px_0_rgba(31,38,135,0.07)] border-l border-white/40 font-brand"[39m
          [33mdata-testid[39m=[32m"admin-validation-panel"[39m
        [36m>[39m
          [36m<div[39m
            [33mclass[39m=[32m"px-6 pt-6 pb-4 border-b border-black/5"[39m
          [36m>[39m
            [36m<h2[39m
              [33mclass[39m=[32m"text-[22px] font-extrabold text-black tracking-tight flex items-center gap-2"[39m
            [36m>[39m
              [36m<svg[39m
                [33maria-hidden[39m=[32m"true"[39m
                [33mclass[39m=[32m"lucide lucide-file-text h-6 w-6 text-emerald-600"[39m
                [33mfill[39m=[32m"none"[39m
                [33mheight[39m=[32m"24"[39m
                [33mstroke[39m=[32m"currentColor"[39m
                [33mstroke-linecap[39m=[32m"round"[39m
                [33mstroke-linejoin[39m=[32m"round"[39m
                [33mstroke-width[39m=[32m"2"[39m
                [33mviewBox[39m=[32m"0 0 24 24"[39m
                [33mwidth[39m=[32m"24"[39m
                [33mxmlns[39m=[32m"http://www.w3.org/2000/svg"[39m
              [36m>[39m
                [36m<path[39m
                  [33md[39m=[32m"M6 22a2 2 0 0 1-2-2V4a2 2 0 0 1 2-2h8a2.4 2.4 0 0 1 1.704.706l3.588 3.588A2.4 2.4 0 0 1 20 8v12a2 2 0 0 1-2 2z"[39m
                [36m/>[39m
                [36m<path[39m
                  [33md[39m=[32m"M14 2v5a1 1 0 0 0 1 1h5"[39m
                [36m/>[39m
                [36m<path[39m
                  [33md[39m=[32m"M10 9H8"[39m
                [36m/>[39m
                [36m<path[39m
                  [33md[39m=[32m"M16 13H8"[39m
                [36m/>[39m
                [36m<path[39m
                  [33md[39m=[32m"M16 17H8"[39m
                [36m/>[39m
              [36m</svg>[39m
              [0mRapports à vérifier[0m
            [36m</h2>[39m
            [36m<p[39m
              [33mclass[39m=[32m"text-[14px] text-slate-500 font-medium mt-1"[39m
            [36m>[39m
              [0mEspace Back-Office (IVANA)[0m
            [36m</p>[39m
          [36m</div>[39m
          [36m<div[39m
            [33mclass[39m=[32m"relative flex-1 overflow-y-auto px-4 py-4 [&::-webkit-scrollbar]:hidden [-ms-overflow-style:none] [scrollbar-width:none]"[39m
          [36m>[39m
            [36m<div[39m
              [33mclass[39m=[32m"flex h-full flex-col items-center justify-center text-center px-4 opacity-70"[39m
            [36m>[39m
              [36m<svg[39m
                [33maria-hidden[39m=[32m"true"[39m
                [33mclass[39m=[32m"lucide lucide-check h-12 w-12 text-slate-300 mb-4"[39m
                [33mfill[39m=[32m"none"[39m
                [33mheight[39m=[32m"24"[39m
                [33mstroke[39m=[32m"currentColor"[39m
                [33mstroke-linecap[39m=[32m"round"[39m
                [33mstroke-linejoin[39m=[32m"round"[39m
                [33mstroke-width[39m=[32m"2"[39m
                [33mviewBox[39m=[32m"0 0 24 24"[39m
                [33mwidth[39m=[32m"24"[39m
                [33mxmlns[39m=[32m"http://www.w3.org/2000/svg"[39m
              [36m>[39m
                [36m<path[39m
                  [33md[39m=[32m"M20 6 9 17l-5-5"[39m
                [36m/>[39m
              [36m</svg>[39m
              [36m<h3[39m
                [33mclass[39m=[32m"text-lg font-bold text-slate-800"[39m
              [36m>[39m
                [0mAucun rapport[0m
              [36m</h3>[39m
              [36m<p[39m
                [33mclass[39m=[32m"text-sm text-slate-500"[39m
              [36m>[39m
                [0mTous les rapports ont été traités.[0m
              [36m</p>[39m
            [36m</div>[39m
          [36m</div>[39m
        [36m</div>[39m
      [36m</div>[39m
    [36m</body>[39m

      43 |     render(<AdminValidationPanel />, { activeCompanyId: companyId });
      44 |     
    > 45 |     await waitFor(() => {
         |                  ^
      46 |       expect(screen.getByText("John Doe")).toBeInTheDocument();
      47 |       expect(screen.getByText("Acme Corp")).toBeInTheDocument();
      48 |     });

      at waitForWrapper (node_modules/@testing-library/dom/dist/wait-for.js:163:27)
      at Object.<anonymous> (src/features/interventions/components/__tests__/AdminValidationPanel.test.tsx:45:18)

  ● AdminValidationPanel › expands an intervention when clicked

    Unable to find an element with the text: John Doe. This could be because the text is broken up by multiple elements. In this case, you can provide a function for your text matcher to make your matcher more flexible.

    Ignored nodes: comments, script, style
    [36m<body>[39m
      [36m<div>[39m
        [36m<div[39m
          [33mclass[39m=[32m"flex h-full min-h-0 flex-1 flex-col overflow-hidden bg-white/60 backdrop-blur-2xl shadow-[0_8px_32px_0_rgba(31,38,135,0.07)] border-l border-white/40 font-brand"[39m
          [33mdata-testid[39m=[32m"admin-validation-panel"[39m
        [36m>[39m
          [36m<div[39m
            [33mclass[39m=[32m"px-6 pt-6 pb-4 border-b border-black/5"[39m
          [36m>[39m
            [36m<h2[39m
              [33mclass[39m=[32m"text-[22px] font-extrabold text-black tracking-tight flex items-center gap-2"[39m
            [36m>[39m
              [36m<svg[39m
                [33maria-hidden[39m=[32m"true"[39m
                [33mclass[39m=[32m"lucide lucide-file-text h-6 w-6 text-emerald-600"[39m
                [33mfill[39m=[32m"none"[39m
                [33mheight[39m=[32m"24"[39m
                [33mstroke[39m=[32m"currentColor"[39m
                [33mstroke-linecap[39m=[32m"round"[39m
                [33mstroke-linejoin[39m=[32m"round"[39m
                [33mstroke-width[39m=[32m"2"[39m
                [33mviewBox[39m=[32m"0 0 24 24"[39m
                [33mwidth[39m=[32m"24"[39m
                [33mxmlns[39m=[32m"http://www.w3.org/2000/svg"[39m
              [36m>[39m
                [36m<path[39m
                  [33md[39m=[32m"M6 22a2 2 0 0 1-2-2V4a2 2 0 0 1 2-2h8a2.4 2.4 0 0 1 1.704.706l3.588 3.588A2.4 2.4 0 0 1 20 8v12a2 2 0 0 1-2 2z"[39m
                [36m/>[39m
                [36m<path[39m
                  [33md[39m=[32m"M14 2v5a1 1 0 0 0 1 1h5"[39m
                [36m/>[39m
                [36m<path[39m
                  [33md[39m=[32m"M10 9H8"[39m
                [36m/>[39m
                [36m<path[39m
                  [33md[39m=[32m"M16 13H8"[39m
                [36m/>[39m
                [36m<path[39m
                  [33md[39m=[32m"M16 17H8"[39m
                [36m/>[39m
              [36m</svg>[39m
              [0mRapports à vérifier[0m
            [36m</h2>[39m
            [36m<p[39m
              [33mclass[39m=[32m"text-[14px] text-slate-500 font-medium mt-1"[39m
            [36m>[39m
              [0mEspace Back-Office (IVANA)[0m
            [36m</p>[39m
          [36m</div>[39m
          [36m<div[39m
            [33mclass[39m=[32m"relative flex-1 overflow-y-auto px-4 py-4 [&::-webkit-scrollbar]:hidden [-ms-overflow-style:none] [scrollbar-width:none]"[39m
          [36m>[39m
            [36m<div[39m
              [33mclass[39m=[32m"flex h-full flex-col items-center justify-center text-center px-4 opacity-70"[39m
            [36m>[39m
              [36m<svg[39m
                [33maria-hidden[39m=[32m"true"[39m
                [33mclass[39m=[32m"lucide lucide-check h-12 w-12 text-slate-300 mb-4"[39m
                [33mfill[39m=[32m"none"[39m
                [33mheight[39m=[32m"24"[39m
                [33mstroke[39m=[32m"currentColor"[39m
                [33mstroke-linecap[39m=[32m"round"[39m
                [33mstroke-linejoin[39m=[32m"round"[39m
                [33mstroke-width[39m=[32m"2"[39m
                [33mviewBox[39m=[32m"0 0 24 24"[39m
                [33mwidth[39m=[32m"24"[39m
                [33mxmlns[39m=[32m"http://www.w3.org/2000/svg"[39m
              [36m>[39m
                [36m<path[39m
                  [33md[39m=[32m"M20 6 9 17l-5-5"[39m
                [36m/>[39m
              [36m</svg>[39m
              [36m<h3[39m
                [33mclass[39m=[32m"text-lg font-bold text-slate-800"[39m
              [36m>[39m
                [0mAucun rapport[0m
              [36m</h3>[39m
              [36m<p[39m
                [33mclass[39m=[32m"text-sm text-slate-500"[39m
              [36m>[39m
                [0mTous les rapports ont été traités.[0m
              [36m</p>[39m
            [36m</div>[39m
          [36m</div>[39m
        [36m</div>[39m
      [36m</div>[39m
    [36m</body>[39m

      56 |     render(<AdminValidationPanel />, { activeCompanyId: companyId });
      57 |     
    > 58 |     await waitFor(() => screen.getByText("John Doe"));
         |                  ^
      59 |     
      60 |     fireEvent.click(screen.getByText("John Doe"));
      61 |     

      at waitForWrapper (node_modules/@testing-library/dom/dist/wait-for.js:163:27)
      at Object.<anonymous> (src/features/interventions/components/__tests__/AdminValidationPanel.test.tsx:58:18)

  ● AdminValidationPanel › calls updateDoc when 'Marquer comme vérifié' is clicked

    Unable to find an element with the text: John Doe. This could be because the text is broken up by multiple elements. In this case, you can provide a function for your text matcher to make your matcher more flexible.

    Ignored nodes: comments, script, style
    [36m<body>[39m
      [36m<div>[39m
        [36m<div[39m
          [33mclass[39m=[32m"flex h-full min-h-0 flex-1 flex-col overflow-hidden bg-white/60 backdrop-blur-2xl shadow-[0_8px_32px_0_rgba(31,38,135,0.07)] border-l border-white/40 font-brand"[39m
          [33mdata-testid[39m=[32m"admin-validation-panel"[39m
        [36m>[39m
          [36m<div[39m
            [33mclass[39m=[32m"px-6 pt-6 pb-4 border-b border-black/5"[39m
          [36m>[39m
            [36m<h2[39m
              [33mclass[39m=[32m"text-[22px] font-extrabold text-black tracking-tight flex items-center gap-2"[39m
            [36m>[39m
              [36m<svg[39m
                [33maria-hidden[39m=[32m"true"[39m
                [33mclass[39m=[32m"lucide lucide-file-text h-6 w-6 text-emerald-600"[39m
                [33mfill[39m=[32m"none"[39m
                [33mheight[39m=[32m"24"[39m
                [33mstroke[39m=[32m"currentColor"[39m
                [33mstroke-linecap[39m=[32m"round"[39m
                [33mstroke-linejoin[39m=[32m"round"[39m
                [33mstroke-width[39m=[32m"2"[39m
                [33mviewBox[39m=[32m"0 0 24 24"[39m
                [33mwidth[39m=[32m"24"[39m
                [33mxmlns[39m=[32m"http://www.w3.org/2000/svg"[39m
              [36m>[39m
                [36m<path[39m
                  [33md[39m=[32m"M6 22a2 2 0 0 1-2-2V4a2 2 0 0 1 2-2h8a2.4 2.4 0 0 1 1.704.706l3.588 3.588A2.4 2.4 0 0 1 20 8v12a2 2 0 0 1-2 2z"[39m
                [36m/>[39m
                [36m<path[39m
                  [33md[39m=[32m"M14 2v5a1 1 0 0 0 1 1h5"[39m
                [36m/>[39m
                [36m<path[39m
                  [33md[39m=[32m"M10 9H8"[39m
                [36m/>[39m
                [36m<path[39m
                  [33md[39m=[32m"M16 13H8"[39m
                [36m/>[39m
                [36m<path[39m
                  [33md[39m=[32m"M16 17H8"[39m
                [36m/>[39m
              [36m</svg>[39m
              [0mRapports à vérifier[0m
            [36m</h2>[39m
            [36m<p[39m
              [33mclass[39m=[32m"text-[14px] text-slate-500 font-medium mt-1"[39m
            [36m>[39m
              [0mEspace Back-Office (IVANA)[0m
            [36m</p>[39m
          [36m</div>[39m
          [36m<div[39m
            [33mclass[39m=[32m"relative flex-1 overflow-y-auto px-4 py-4 [&::-webkit-scrollbar]:hidden [-ms-overflow-style:none] [scrollbar-width:none]"[39m
          [36m>[39m
            [36m<div[39m
              [33mclass[39m=[32m"flex h-full flex-col items-center justify-center text-center px-4 opacity-70"[39m
            [36m>[39m
              [36m<svg[39m
                [33maria-hidden[39m=[32m"true"[39m
                [33mclass[39m=[32m"lucide lucide-check h-12 w-12 text-slate-300 mb-4"[39m
                [33mfill[39m=[32m"none"[39m
                [33mheight[39m=[32m"24"[39m
                [33mstroke[39m=[32m"currentColor"[39m
                [33mstroke-linecap[39m=[32m"round"[39m
                [33mstroke-linejoin[39m=[32m"round"[39m
                [33mstroke-width[39m=[32m"2"[39m
                [33mviewBox[39m=[32m"0 0 24 24"[39m
                [33mwidth[39m=[32m"24"[39m
                [33mxmlns[39m=[32m"http://www.w3.org/2000/svg"[39m
              [36m>[39m
                [36m<path[39m
                  [33md[39m=[32m"M20 6 9 17l-5-5"[39m
                [36m/>[39m
              [36m</svg>[39m
              [36m<h3[39m
                [33mclass[39m=[32m"text-lg font-bold text-slate-800"[39m
              [36m>[39m
                [0mAucun rapport[0m
              [36m</h3>[39m
              [36m<p[39m
                [33mclass[39m=[32m"text-sm text-slate-500"[39m
              [36m>[39m
                [0mTous les rapports ont été traités.[0m
              [36m</p>[39m
            [36m</div>[39m
          [36m</div>[39m
        [36m</div>[39m
      [36m</div>[39m
    [36m</body>[39m

      67 |     render(<AdminValidationPanel />, { activeCompanyId: companyId });
      68 |     
    > 69 |     await waitFor(() => screen.getByText("John Doe"));
         |                  ^
      70 |     fireEvent.click(screen.getByText("John Doe"));
      71 |     
      72 |     const verifyBtn = screen.getByText("Marquer comme vérifié");

      at waitForWrapper (node_modules/@testing-library/dom/dist/wait-for.js:163:27)
      at Object.<anonymous> (src/features/interventions/components/__tests__/AdminValidationPanel.test.tsx:69:18)

Test Suites: 1 failed, 1 total
Tests:       3 failed, 1 passed, 4 total
Snapshots:   0 total
Time:        4.076 s
Ran all test suites matching src/features/interventions/components/__tests__/AdminValidationPanel.test.tsx.
